// Jest Snapshot v1, https://goo.gl/fbAQLP

exports[`Menu Component should match snapshot 1`] = `
<div>
  <div
    class="vtex-menu h2 gray w-100 dn db-ns"
  >
    <nav
      class="flex justify-between"
    >
      <div
        class="flex-grow pa3 flex items-center"
      />
      <div
        class="flex-grow pa3 flex items-center"
      />
      <div
        class="flex-grow pa3 flex items-center"
      />
    </nav>
  </div>
</div>
`;
